* Pwd = gives the path
* Ls = list out all the folders/directories
* Cd directory_name= inplace of the directory give the directory name and it will take u to the directory
* Mkdir = create the folder/directory 
* Rm foldern_name= to delete the files 
* Cp new.txt /home/nayso/music/ = here to copy, and after cp we use the location of the file to be copied and the second one is where to copy.
* Mv ew.txt newer.txt =. Used to move the files and first one is the original file and second one is the place which we need to move
* Locate file_name = show the file name in that location
* Df -m = to see the available disk in the each partition in the system
* Du documents = here documents is the file name which we want to know the size of that particular size
* Name -a = to know the kernel release date , version, type, processor,etc
* Sudo apt-get install Jed = this installs the packages by using the apt-get command
* Chmod +x numbers.py = here numbers.py is the file name and chmod is used to change the permissions granted to that particular file
* Hostname = it shows the hostname that ur using and shows the ip address of the host
* Ping google.com = this show the connection to the server
===========================================================================================================================================================

===========================================================================================================================================================
How i used the git repo for first time. Creating a branch and pushing a data into that branch.
===========================================================================================================================================================

Last login: Wed Jan 11 16:09:20 on ttys002
mreddy26@mreddy26-C02FW2PLMD6M ~ % cd piper-core-pipelines
mreddy26@mreddy26-C02FW2PLMD6M piper-core-pipelines % cd piper-tools
cd: no such file or directory: piper-tools
mreddy26@mreddy26-C02FW2PLMD6M piper-core-pipelines % git status 
On branch test_branch
Untracked files:
  (use "git add <file>..." to include in what will be committed)
	core/uber_freight_data_platform/pipelines/mahesh_learning/

nothing added to commit but untracked files present (use "git add" to track)
mreddy26@mreddy26-C02FW2PLMD6M piper-core-pipelines % git add core/uber_freight_data_platform/pipelines/mahesh_learning/
mreddy26@mreddy26-C02FW2PLMD6M piper-core-pipelines % git commit -m "test_pipeline"
[test_branch 9822fa99a29] test_pipeline
 1 file changed, 0 insertions(+), 0 deletions(-)
 create mode 100644 core/uber_freight_data_platform/pipelines/mahesh_learning/my_learning_test_file.py
mreddy26@mreddy26-C02FW2PLMD6M piper-core-pipelines % git push origin test_branch
found ussh cert valid for 19h20m1s
# Using ga-code primary 10.80.47.27
To code.uber.internal:data/piper-core-pipelines
 ! [rejected]                test_branch -> test_branch (non-fast-forward)
error: failed to push some refs to 'code.uber.internal:data/piper-core-pipelines'
hint: Updates were rejected because the tip of your current branch is behind
hint: its remote counterpart. Integrate the remote changes (e.g.
hint: 'git pull ...') before pushing again.
hint: See the 'Note about fast-forwards' in 'git push --help' for details.
mreddy26@mreddy26-C02FW2PLMD6M piper-core-pipelines % git branch -m test_branch_mahesh 
mreddy26@mreddy26-C02FW2PLMD6M piper-core-pipelines % git branch
  master
  my_new_branch
  my_new_brnch
* test_branch_mahesh
  testpipeline
mreddy26@mreddy26-C02FW2PLMD6M piper-core-pipelines % git push origin test_branch_mahesh
found ussh cert valid for 19h16m57s
# Using ga-code primary 10.80.47.27
Enumerating objects: 76, done.
Counting objects: 100% (76/76), done.
Delta compression using up to 12 threads
Compressing objects: 100% (15/15), done.
Writing objects: 100% (49/49), 7.73 KiB | 465.00 KiB/s, done.
Total 49 (delta 43), reused 38 (delta 34), pack-reused 0
To code.uber.internal:data/piper-core-pipelines
 * [new branch]              test_branch_mahesh -> test_branch_mahesh
mreddy26@mreddy26-C02FW2PLMD6M piper-core-pipelines % git status
On branch test_branch_mahesh
nothing to commit, working tree clean
mreddy26@mreddy26-C02FW2PLMD6M piper-core-pipelines % cd core/uber_freight_data_platform
mreddy26@mreddy26-C02FW2PLMD6M uber_freight_data_platform % ls
METADATA	__init__.py	pipelines
Makefile	lib		schema_changes
mreddy26@mreddy26-C02FW2PLMD6M uber_freight_data_platform % cd pipelines
mreddy26@mreddy26-C02FW2PLMD6M pipelines % ls
__init__.py			get_our_pipelines_tier_info.py
branch_debit_card		hdfs_cleanup
committed_capacity		hdfs_stats
dat				keep_trucking
data_warehouse			mahesh_learning
faas				market_info
fmcsa				pipeline_crawlers
fmd				salesforce
freight_waves_trac		spireon
genesys				transplace
mreddy26@mreddy26-C02FW2PLMD6M pipelines % cd mahesh_learning
mreddy26@mreddy26-C02FW2PLMD6M mahesh_learning % ls
my_learning_test_file.py
mreddy26@mreddy26-C02FW2PLMD6M mahesh_learning % cat my_learning_test_file.py
mreddy26@mreddy26-C02FW2PLMD6M mahesh_learning % vi my_learning_test_file.py

mreddy26@mreddy26-C02FW2PLMD6M mahesh_learning % cat my_learning_test_file.py
from piper.models.pipeline import Pipeline
from piper.tasks.python_task import pythonTask
from datetime import datetime


def add_numbers(num1 = 5, num2 = 4):
    sum = num1 + num2
    logger.info("Sum: ",sum)

default_args = {
	'owner': 'airflow',
	'start_date': datetime(2023, 1, 7)
	'end_date': datetime(2023, 1, 7),
	'depends_on_past': False,
	'start_time': 10
}

pipeline = pipeline(
	'booking_ingestion',
	default_args=default_args,
	schedule_interval=default_args['schedule_interval'],
    create_time_uown=gss-de-freight
    datacenter_choice_mode=RUN_IN_ONE_DATACENTER
    params=params
)

task_1 = pythonTask(
	task_id='transaction_data',
	python_callable=add_numbers,
	pipeline=pipeline,
)

task_2 = pythonTask(
	task_id='load_data',
	python_callable=add_numbers,
	pipeline=pipeline,
)

##here the expression is for running the task_1 first and then run the task_2
task_1 >> task_2
mreddy26@mreddy26-C02FW2PLMD6M mahesh_learning % git status 
On branch test_branch_mahesh
Changes not staged for commit:
  (use "git add <file>..." to update what will be committed)
  (use "git restore <file>..." to discard changes in working directory)
	modified:   my_learning_test_file.py

no changes added to commit (use "git add" and/or "git commit -a")
mreddy26@mreddy26-C02FW2PLMD6M mahesh_learning % git add .
mreddy26@mreddy26-C02FW2PLMD6M mahesh_learning % git status
On branch test_branch_mahesh
Changes to be committed:
  (use "git restore --staged <file>..." to unstage)
	modified:   my_learning_test_file.py

mreddy26@mreddy26-C02FW2PLMD6M mahesh_learning % git commit -m "test_pipeline_mahesh"
[test_branch_mahesh 93ad15f02de] test_pipeline_mahesh
 1 file changed, 40 insertions(+)
mreddy26@mreddy26-C02FW2PLMD6M mahesh_learning % git push origin test_branch_mahesh
found ussh cert valid for 19h4m57s
# Using ga-code primary 10.80.47.27
Enumerating objects: 13, done.
Counting objects: 100% (13/13), done.
Delta compression using up to 12 threads
Compressing objects: 100% (7/7), done.
Writing objects: 100% (7/7), 970 bytes | 51.00 KiB/s, done.
Total 7 (delta 4), reused 0 (delta 0), pack-reused 0
To code.uber.internal:data/piper-core-pipelines
   9822fa99a29..93ad15f02de  test_branch_mahesh -> test_branch_mahesh
mreddy26@mreddy26-C02FW2PLMD6M mahesh_learning % piperdev deploy test_branch_mahesh pipelines/core/uber_freight_data_platform/pipelines/mahesh_learning phx2 --pipeline_ids booking_ingestion
found ussh cert valid for 18h57m58s
# Using ga-code primary 10.80.63.158

found usso token for https://piper-userstaging-phx2.uberinternal.com valid for 20h0m0s



Checking out branch test_branch_mahesh and validating user..................create_deployments endpoint response: {u'errors': u'Unauthenticated commit by the user mreddy26 to the folder core/uber_freight_data_platform/pipelines/mahesh_learning/my_learning_test_file.py. Need to be part of ldap groups freight-data'}
There was an error deploying Unauthenticated commit by the user mreddy26 to the folder core/uber_freight_data_platform/pipelines/mahesh_learning/my_learning_test_file.py. Need to be part of ldap groups freight-data


There is an error getting the deployment and session id for this deployment. Please reach out to piper oncalls. You can also use get_session command to get the session id for your branch
mreddy26@mreddy26-C02FW2PLMD6M mahesh_learning % 
